// Jest Snapshot v1, https://goo.gl/fbAQLP

exports[`Utils should get connected Terminals 1`] = `"{\\"foo\\":\\"bar\\"}"`;
