// Jest Snapshot v1, https://goo.gl/fbAQLP

exports[`Save Payment should fail if resultCode is not Authorised 1`] = `
Array [
  Array [
    Object {
      "error": Array [
        "mocked_error.card.information.error",
      ],
      "success": false,
    },
  ],
]
`;

exports[`Save Payment should fail if zeroAuth has error 1`] = `
Array [
  Array [
    Object {
      "error": Array [
        "mocked_error.card.information.error",
      ],
      "success": false,
    },
  ],
]
`;

exports[`Save Payment should succeed 1`] = `
Array [
  Array [
    Object {
      "redirectUrl": "[\\"PaymentInstruments-List\\"]",
      "success": true,
    },
  ],
]
`;
