// Jest Snapshot v1, https://goo.gl/fbAQLP

exports[`Begin should not attempt to restore cart when no order number is cached 1`] = `
Array [
  Array [
    Object {
      "adyen": Object {
        "SFRA6Enabled": false,
        "adyenClientKey": "mocked_client_key",
        "cardholderNameBool": true,
        "clientKey": "mocked_client_key",
        "environment": "test",
        "googleMerchantID": "mocked_google_merchant_id",
        "installments": true,
        "merchantAccount": "mocked_merchant_account",
      },
    },
  ],
]
`;

exports[`Begin should set view data 1`] = `
Array [
  Array [
    Object {
      "adyen": Object {
        "SFRA6Enabled": false,
        "adyenClientKey": "mocked_client_key",
        "cardholderNameBool": true,
        "clientKey": "mocked_client_key",
        "environment": "test",
        "googleMerchantID": "mocked_google_merchant_id",
        "installments": true,
        "merchantAccount": "mocked_merchant_account",
      },
    },
  ],
]
`;
