// Jest Snapshot v1, https://goo.gl/fbAQLP

exports[`Helpers   should make payment ajax call that fails 1`] = `
Object {
  "data": Object {},
  "paymentMethod": "mocked_paymentMethod",
}
`;
