// Jest Snapshot v1, https://goo.gl/fbAQLP

exports[`Order should confirm order 1`] = `
Array [
  Array [
    Object {
      "continueUrl": "[\\"Order-Confirm\\"]",
      "error": false,
      "orderID": 1,
      "orderToken": "token",
    },
  ],
]
`;

exports[`Order should return json response with error when order is not created 1`] = `
Array [
  Array [
    Object {
      "error": true,
      "errorMessage": "mocked_error.technical",
    },
  ],
]
`;
