// Jest Snapshot v1, https://goo.gl/fbAQLP

exports[`Transaction should return json with error details when payment transaction calculation fails 1`] = `
Array [
  Array [
    Object {
      "error": true,
      "errorMessage": "mocked_error.technical",
    },
  ],
]
`;
