// Jest Snapshot v1, https://goo.gl/fbAQLP

exports[`Adyen 3DS2 should render 1`] = `
Array [
  Array [
    "/threeds2/adyen3ds2",
    Object {
      "action": "mocked_adyen_action",
      "environment": "test",
      "locale": "nl_NL",
      "merchantReference": "mocked_orderNo",
      "originKey": "mocked_origin_key",
      "resultCode": "Authorised",
    },
  ],
]
`;

exports[`Adyen 3DS2 should throw 1`] = `
Array [
  Array [
    "Error-ErrorCode",
    "err",
    "general",
  ],
]
`;

exports[`Adyen 3DS2 should throw 2`] = `
Array [
  Array [
    "3DS2 redirect failed with reason: Error: some_error",
  ],
]
`;
