// Jest Snapshot v1, https://goo.gl/fbAQLP

exports[`Notify should render notifyError when notification result is not successful 1`] = `
Array [
  Array [
    "/notifyError",
    Object {
      "errorMessage": "mocked_error_message",
    },
  ],
]
`;
