// Jest Snapshot v1, https://goo.gl/fbAQLP

exports[`Show Confirmation should have payload 1`] = `Array []`;

exports[`Show Confirmation should have redirectResult 1`] = `Array []`;
