// Jest Snapshot v1, https://goo.gl/fbAQLP

exports[`Payment from Component should authorize express payment with skipping summary page 1`] = `
[
  [
    {
      "error": true,
    },
  ],
]
`;

exports[`Payment from Component should cancel transaction 1`] = `
[
  [
    "Checkout-Begin",
    "stage",
    "placeOrder",
  ],
]
`;

exports[`Payment from Component should return json response 1`] = `
[
  [
    {
      "error": true,
    },
  ],
]
`;
